maxim@pc MINGW64 /c/users/maxim
$ cd projet_git

maxim@pc MINGW64 /c/users/maxim/projet_git
$ git clone https://github.com/HotPants013/lab-git-ci.git
Cloning into 'lab-git-ci'...
remote: Enumerating objects: 25, done.
remote: Counting objects: 100% (25/25), done.
remote: Compressing objects: 100% (13/13), done.
remote: Total 25 (delta 0), reused 24 (delta 0), pack-reused 0 (from 0)
Receiving objects: 100% (25/25), 160.03 KiB | 11.43 MiB/s, done.

maxim@pc MINGW64 /c/users/maxim/projet_git
$ git commit -m update identify.md
fatal: not a git repository (or any of the parent directories): .git

maxim@pc MINGW64 /c/users/maxim/projet_git
$ dir
lab-git-ci

maxim@pc MINGW64 /c/users/maxim/projet_git
$ cd lab-git-ci/

maxim@pc MINGW64 /c/users/maxim/projet_git/lab-git-ci (main)
$ git commit -m update identify.md
error: pathspec 'identify.md' did not match any file(s) known to git

maxim@pc MINGW64 /c/users/maxim/projet_git/lab-git-ci (main)
$ git commit -m "update identify.md"
On branch main
Your branch is up to date with 'origin/main'.

Changes not staged for commit:
  (use "git add <file>..." to update what will be committed)
  (use "git restore <file>..." to discard changes in working directory)
        modified:   identity.md

no changes added to commit (use "git add" and/or "git commit -a")

maxim@pc MINGW64 /c/users/maxim/projet_git/lab-git-ci (main)
$ git status
On branch main
Your branch is up to date with 'origin/main'.

Changes not staged for commit:
  (use "git add <file>..." to update what will be committed)
  (use "git restore <file>..." to discard changes in working directory)
        modified:   identity.md

no changes added to commit (use "git add" and/or "git commit -a")

maxim@pc MINGW64 /c/users/maxim/projet_git/lab-git-ci (main)
$ git add.
git: 'add.' is not a git command. See 'git --help'.

The most similar command is
        add

maxim@pc MINGW64 /c/users/maxim/projet_git/lab-git-ci (main)
$ git add .





















remote: Enumerating objects: 6, done.
remote: Counting objects: 100% (6/6), done.
remote: Compressing objects: 100% (4/4), done.
remote: Total 4 (delta 1), reused 0 (delta 0), pack-reused 0 (from 0)
Unpacking objects: 100% (4/4), 1.75 KiB | 66.00 KiB/s, done.
From https://github.com/HotPants013/lab-git-ci
   120030e..988aae3  main       -> origin/main
Merge made by the 'ort' strategy.

maxim@pc MINGW64 /c/users/maxim/projet_git/lab-git-ci (main)
$ git status
On branch main
Your branch is ahead of 'origin/main' by 2 commits.
  (use "git push" to publish your local commits)

nothing to commit, working tree clean

maxim@pc MINGW64 /c/users/maxim/projet_git/lab-git-ci (main)
$ git push
Enumerating objects: 6, done.
Counting objects: 100% (6/6), done.
Delta compression using up to 4 threads
Compressing objects: 100% (4/4), done.
Writing objects: 100% (4/4), 484 bytes | 242.00 KiB/s, done.
Total 4 (delta 2), reused 0 (delta 0), pack-reused 0 (from 0)
remote: Resolving deltas: 100% (2/2), completed with 1 local object.
To https://github.com/HotPants013/lab-git-ci.git
   988aae3..16a6bbc  main -> main
